// Jest Snapshot v1, https://goo.gl/fbAQLP

exports[`LoginPage should render the loginpage component 1`] = `
Object {
  "asFragment": [Function],
  "baseElement": <body>
    <div>
      <div>
        <div
          class="container-fluid"
        >
          <div
            class="d-flex align-items-center justify-content-center h-100"
          >
            <img
              alt="employee"
              class="photo"
              data-testid="employee-heading"
              id="employee-heading"
              src="employee_surveys.jpg"
            />
          </div>
        </div>
        <form>
          <div
            class="form-outline mb-4"
          >
            <label
              class="form-label"
            >
              User name
            </label>
            <input
              class="form-control"
              data-testid="username"
              id="username"
              name="username"
              type="text"
              value="tylermcginnis"
            />
          </div>
          <div
            class="form-outline mb-4"
          >
            <label
              class="form-label"
            >
              Password
            </label>
            <input
              class="form-control"
              data-testid="password"
              id="password"
              name="password"
              type="password"
              value="abc321"
            />
          </div>
          <button
            class="btn btn-primary btn-block mb-4"
            data-testid="submit"
            type="submit"
          >
            Sign in
          </button>
        </form>
      </div>
    </div>
  </body>,
  "container": <div>
    <div>
      <div
        class="container-fluid"
      >
        <div
          class="d-flex align-items-center justify-content-center h-100"
        >
          <img
            alt="employee"
            class="photo"
            data-testid="employee-heading"
            id="employee-heading"
            src="employee_surveys.jpg"
          />
        </div>
      </div>
      <form>
        <div
          class="form-outline mb-4"
        >
          <label
            class="form-label"
          >
            User name
          </label>
          <input
            class="form-control"
            data-testid="username"
            id="username"
            name="username"
            type="text"
            value="tylermcginnis"
          />
        </div>
        <div
          class="form-outline mb-4"
        >
          <label
            class="form-label"
          >
            Password
          </label>
          <input
            class="form-control"
            data-testid="password"
            id="password"
            name="password"
            type="password"
            value="abc321"
          />
        </div>
        <button
          class="btn btn-primary btn-block mb-4"
          data-testid="submit"
          type="submit"
        >
          Sign in
        </button>
      </form>
    </div>
  </div>,
  "debug": [Function],
  "findAllByAltText": [Function],
  "findAllByDisplayValue": [Function],
  "findAllByLabelText": [Function],
  "findAllByPlaceholderText": [Function],
  "findAllByRole": [Function],
  "findAllByTestId": [Function],
  "findAllByText": [Function],
  "findAllByTitle": [Function],
  "findByAltText": [Function],
  "findByDisplayValue": [Function],
  "findByLabelText": [Function],
  "findByPlaceholderText": [Function],
  "findByRole": [Function],
  "findByTestId": [Function],
  "findByText": [Function],
  "findByTitle": [Function],
  "getAllByAltText": [Function],
  "getAllByDisplayValue": [Function],
  "getAllByLabelText": [Function],
  "getAllByPlaceholderText": [Function],
  "getAllByRole": [Function],
  "getAllByTestId": [Function],
  "getAllByText": [Function],
  "getAllByTitle": [Function],
  "getByAltText": [Function],
  "getByDisplayValue": [Function],
  "getByLabelText": [Function],
  "getByPlaceholderText": [Function],
  "getByRole": [Function],
  "getByTestId": [Function],
  "getByText": [Function],
  "getByTitle": [Function],
  "queryAllByAltText": [Function],
  "queryAllByDisplayValue": [Function],
  "queryAllByLabelText": [Function],
  "queryAllByPlaceholderText": [Function],
  "queryAllByRole": [Function],
  "queryAllByTestId": [Function],
  "queryAllByText": [Function],
  "queryAllByTitle": [Function],
  "queryByAltText": [Function],
  "queryByDisplayValue": [Function],
  "queryByLabelText": [Function],
  "queryByPlaceholderText": [Function],
  "queryByRole": [Function],
  "queryByTestId": [Function],
  "queryByText": [Function],
  "queryByTitle": [Function],
  "rerender": [Function],
  "unmount": [Function],
}
`;
